// Jest Snapshot v1, https://goo.gl/fbAQLP

exports[`Home show home page 1`] = `
<div>
  <div
    class="css-v2kfba"
  >
    <main
      class="css-485x8j"
    >
      <div
        class="css-8gmvxq"
      >
        <div
          class="css-x5iarl"
        >
          <h2
            class="chakra-heading css-13eab1e"
          >
            Crypto Dashboard
          </h2>
          <ul
            class="css-155za0w"
            role="list"
          >
            <li
              class="css-d0hoig"
            >
              <a
                class="chakra-link css-1xz77dc"
                href="/dashboard"
              >
                Dashboard
              </a>
            </li>
            <li
              class="css-d0hoig"
            >
              <a
                class="chakra-link css-1xz77dc"
                href="/wallet"
              >
                Wallet
              </a>
            </li>
            <li
              class="css-d0hoig"
            >
              <a
                class="chakra-link css-1xz77dc"
                href="/transaction"
              >
                Transaction
              </a>
            </li>
            <li
              class="css-d0hoig"
            >
              <a
                class="chakra-link css-1xz77dc"
                href="/history"
              >
                History
              </a>
            </li>
            <li
              class="css-d0hoig"
            >
              <a
                class="chakra-link css-1xz77dc"
                href="/market"
              >
                Market
              </a>
            </li>
            <li
              class="css-d0hoig"
            >
              <a
                class="chakra-link css-1xz77dc"
                href="/setting"
              >
                Setting
              </a>
            </li>
          </ul>
        </div>
      </div>
      <div
        class="main-content css-byicjd"
      >
        <div
          class="css-1eyj61a"
        >
          <div
            class="chakra-stack css-84zodg"
          >
            <h2
              class="chakra-heading css-1jb3vzl"
            >
              Overview
            </h2>
            <div
              class="css-17xejub"
            />
            <div
              class="chakra-input__group css-15thh98"
            >
              <input
                class="chakra-input css-18g31kk"
                placeholder="Search"
              />
              <div
                class="chakra-input__right-element css-ur97uj"
              >
                <svg
                  fill="currentColor"
                  height="1em"
                  stroke="currentColor"
                  stroke-width="0"
                  viewBox="0 0 24 24"
                  width="1em"
                  xmlns="http://www.w3.org/2000/svg"
                >
                  <path
                    d="M10 18a7.952 7.952 0 0 0 4.897-1.688l4.396 4.396 1.414-1.414-4.396-4.396A7.952 7.952 0 0 0 18 10c0-4.411-3.589-8-8-8s-8 3.589-8 8 3.589 8 8 8zm0-14c3.309 0 6 2.691 6 6s-2.691 6-6 6-6-2.691-6-6 2.691-6 6-6z"
                  />
                </svg>
              </div>
            </div>
          </div>
        </div>
        <div
          class="chakra-stack css-12gxenb"
        >
          <div
            class="css-11eq2yu"
          >
            <div
              class="chakra-spinner css-1dn0ijt"
            >
              <span
                class="css-f8n5zr"
              >
                Loading...
              </span>
            </div>
          </div>
        </div>
        <div
          class="css-i9gxme"
        >
          <div
            class="css-10klw3m"
          >
            <div
              class="css-0"
            >
              <div
                class="chakra-spinner css-1dn0ijt"
              >
                <span
                  class="css-f8n5zr"
                >
                  Loading...
                </span>
              </div>
            </div>
          </div>
        </div>
      </div>
    </main>
  </div>
</div>
`;
